[www.koreatimes.co.kr/www/nation/2024/11/113_385897.html]
[backblue.gif]
[fade.gif]
[index.html]
[www.koreatimes.co.kr/www/images/apple-icon-57x57.png]
[www.koreatimes.co.kr/www/images/apple-icon-60x60.png]
[www.koreatimes.co.kr/www/images/apple-icon-72x72.png]
[www.koreatimes.co.kr/www/images/apple-icon-76x76.png]
[www.koreatimes.co.kr/www/images/apple-icon-114x114.png]
[www.koreatimes.co.kr/www/images/apple-icon-120x120.png]
[www.koreatimes.co.kr/www/images/apple-icon-144x144.png]
[www.koreatimes.co.kr/www/images/apple-icon-152x152.png]
[www.koreatimes.co.kr/www/images/apple-icon-180x180.png]
[www.koreatimes.co.kr/www/images/android-icon-192x192.png]
[www.koreatimes.co.kr/www/images/favicon-32x32.png]
[www.koreatimes.co.kr/www/images/favicon-96x96.png]
[www.koreatimes.co.kr/www/images/favicon-16x16.png]
[www.koreatimes.co.kr/www2/css/krtimes_v2022_fin94be.css]
[ajax.googleapis.com/ajax/libs/jquery/1.9.1/jquery.min.js]
[www.koreatimes.co.kr/www2/js/kt_v2022.js]
[platform.twitter.com/widgets.js]
[img.koreatimes.co.kr/upload/thumbnailV2/7634fd7fc7ba49fa95c5d47e1868b26e.jpg]
[connect.facebook.net/en_US/fbevents.js]
[cdn.taboola.com/libtrc/koreatimes-desktop/loader.js]
[www.koreatimes.co.kr/www2/img/amn_close.png]
[www.koreatimes.co.kr/www2/img/amn_bl.png]
[www.koreatimes.co.kr/www2/img/amn_NK.png]
[www.koreatimes.co.kr/www2/img/amn_DR.png]
[www.koreatimes.co.kr/www2/img/amn_LK.png]
[www.koreatimes.co.kr/www2/img/amn_LE.png]
[www.koreatimes.co.kr/www/nation/2024/11/281_385960.html]
[www.koreatimes.co.kr/www/nation/2024/11/251_385944.html]
[www.koreatimes.co.kr/www/nation/2024/11/281_385920.html]
[www.koreatimes.co.kr/www/nation/2024/11/119_385956.html]
[www.koreatimes.co.kr/www/nation/2024/11/120_385933.html]
[www.koreatimes.co.kr/www/nation/2024/11/356_385950.html]
[www.koreatimes.co.kr/www/nation/2024/11/103_385974.html]
[www.koreatimes.co.kr/www2/js/simple_slideShow_v2022.js]
[www.koreatimes.co.kr/www2/img/bt_scroll_off.png]
[www.koreatimes.co.kr/www2/img/bt_scrollclose2.jpg]
[www.koreatimes.co.kr/www2/img/bt_scroll_on.png]
[securepubads.g.doubleclick.net/tag/js/f.txt]
[www.koreatimes.co.kr/www/nation/2024/11/251_385897.html]
[newsimg.koreatimes.co.kr/2024/11/07/866cbb31-efdd-423a-b448-8971854a5932.jpg]
[cdn.interworksmedia.co.kr/js/tm/ip/latest/interplay.js]
[www.googletagservices.com/tag/js/f.txt]
[www.koreatimes.co.kr/www/nation/2024/11/356_385981.html]
[www.koreatimes.co.kr/www/nation/2024/11/281_385988.html]
[www.koreatimes.co.kr/www/nation/2024/11/281_385979.html]
[www.koreatimes.co.kr/www/nation/2024/11/251_385994.html]
[www.koreatimes.co.kr/www/nation/2024/11/356_386019.html]
[www.koreatimes.co.kr/www/images/NIA.jpg]
[www.koreatimes.co.kr/www2/js/jquery.flexslider.js]
[hmap-asis.hankookilbo.com/service/kt/trk.js]
[www.koreatimes.co.kr/www/nation/2024/11/113_385897.html]
[t1.kakaocdn.net/kakao_js_sdk/v1/kakao.min.js]
[www.koreatimes.co.kr/www2/img/globar_bg.gif]
[www.koreatimes.co.kr/www2/img/archive_pc_bgline2.jpg]
[www.koreatimes.co.kr/www2/img/archive_pc_bl2.jpg]
[www.koreatimes.co.kr/www2/img/ic_gray_3.jpg]
[www.koreatimes.co.kr/www2/img/bt_gotop.png]
[www.koreatimes.co.kr/www2/img/op_ed_bg.jpg]
[www.koreatimes.co.kr/www2/img/ic_green_dots.png]
[www.koreatimes.co.kr/www2/img/ic_green_2depth_dots.png]
[img.koreatimes.co.kr/www/events/concert/concert_03_20210217.jpg]
[www.koreatimes.co.kr/www2/img/bt_photonews_next.png]
[www.koreatimes.co.kr/www2/img/bt_photonews_prev.png]
[www.koreatimes.co.kr/www2/css/krtimes_v2022_fin94be.css]
[koreatimescokr.api.useinsider.com/ins4aee.js]
[connect.facebook.net/en_US/fbevents.js]
[img.koreatimes.co.kr/upload/thumbnailV2/23b178eb83cf423da621fb4276912925.png]
[newsimg.koreatimes.co.kr/2024/11/08/d044af20-99e4-4c39-9caa-061723f6920e.png]
[newsimg.koreatimes.co.kr/2024/11/08/332bf94b-0e1e-4bb9-88c0-6c960a6615b6.jpg]
[www.koreatimes.co.kr/www/nation/2024/11/281_385960.html]
[img.koreatimes.co.kr/upload/thumbnailV2/cb6ff522e35746bab9cbf5046423582e.png]
[newsimg.koreatimes.co.kr/2024/11/08/0b997e48-b072-469d-89e6-3065838c6d7f.jpg]
[www.koreatimes.co.kr/www/nation/2024/11/251_385944.html]
[img.koreatimes.co.kr/upload/thumbnailV2/9ffad4e1537b4305aa70bffd2f2810df.png]
[newsimg.koreatimes.co.kr/2024/11/08/ee88b657-b417-4da2-93a4-fded73b3a2fa.jpg]
[newsimg.koreatimes.co.kr/2024/11/08/302924c0-b957-4165-81f7-3e8accf27bee.jpg]
[www.koreatimes.co.kr/www/nation/2024/11/281_385920.html]
[img.koreatimes.co.kr/upload/thumbnailV2/aaf60724b3bc4050aedc6baf1c04b248.png]
[www.koreatimes.co.kr/upload/reporters_img/Jung_Min-ho202c.png]
[newsimg.koreatimes.co.kr/2024/11/08/9fb53c57-377f-44f9-8826-7f9f4c4db4c2.jpg]
[www.koreatimes.co.kr/www2/img/ic_article_email.jpg]
[www.koreatimes.co.kr/www2/img/ic_article_list.jpg]
[www.koreatimes.co.kr/www/nation/2024/11/119_385956.html]
[img.koreatimes.co.kr/upload/thumbnailV2/2c0a66b40c264bfc96d628565775fb40.jpg]
[www.koreatimes.co.kr/upload/reporters_img/Kwak_Yeon-soo202c.png]
[newsimg.koreatimes.co.kr/2024/11/07/da9dd8f4-5492-415c-8621-30323ee90efc.jpg]
[newsimg.koreatimes.co.kr/2024/11/07/38145bd0-bd6c-4a15-a586-f6581479c32d.jpg]
[www.koreatimes.co.kr/www/nation/2024/11/120_385933.html]
[img.koreatimes.co.kr/upload/thumbnailV2/cb795b927e554e02818e14930edae50f.jpg]
[www.koreatimes.co.kr/upload/reporters_img/Anna_J_Park202c.png]
[newsimg.koreatimes.co.kr/2024/11/08/bac1f998-3aa5-4a16-9b44-7c845f5f66ec.jpg]
[newsimg.koreatimes.co.kr/2024/11/08/0a656022-017a-4b3b-b7d0-c8009297d98d.jpg]
[www.koreatimes.co.kr/www/nation/2024/11/356_385950.html]
[img.koreatimes.co.kr/upload/thumbnailV2/4d1558c1c09b40b48930491c914f9258.jpg]
[newsimg.koreatimes.co.kr/2024/11/09/6b911823-7fb3-4e61-b100-c5694e568488.jpg]
[www.koreatimes.co.kr/www/nation/2024/11/103_385804.html]
[www.koreatimes.co.kr/www/nation/2024/11/103_385749.html]
[www.koreatimes.co.kr/www/nation/2024/11/103_386015.html]
[www.koreatimes.co.kr/www/nation/2024/11/103_385974.html]
[www.koreatimes.co.kr/www/nation/2024/11/251_385897.html]
[www.koreatimes.co.kr/www/nation/2024/11/103_385972.html]
[img.koreatimes.co.kr/upload/thumbnailV2/178aced84ce74d53a82e80a4ac5c23e5.jpg]
[newsimg.koreatimes.co.kr/2024/11/09/6118d3a3-dcaf-4bff-a7d0-5631640f9501.jpg]
[www.koreatimes.co.kr/www/nation/2024/11/356_385981.html]
[img.koreatimes.co.kr/upload/thumbnailV2/16535a4a00384af7969b16f8517086b8.jpg]
[newsimg.koreatimes.co.kr/2024/11/10/45f3c94f-d944-4c61-9c78-43188d5db25e.jpg]
[newsimg.koreatimes.co.kr/2024/11/10/b8effac1-58b7-4e32-82d4-646c79676fca.jpg]
[www.koreatimes.co.kr/www/nation/2024/11/281_385988.html]
[img.koreatimes.co.kr/upload/thumbnailV2/65b2b46792d74fa88aa732e30b825d2a.jpg]
[newsimg.koreatimes.co.kr/2024/11/09/5f1ee722-6050-41c7-aa5c-20ebec928b3e.jpg]
[newsimg.koreatimes.co.kr/2024/11/09/34c15e89-0976-4270-9fe9-370ab74e7f64.jpg]
[www.koreatimes.co.kr/www/nation/2024/11/281_385979.html]
[img.koreatimes.co.kr/upload/thumbnailV2/9b8db39d0cb24bca800b9be4c4ddd893.png]
[newsimg.koreatimes.co.kr/2024/11/10/8fc55bde-a910-4846-995f-f6b595579b60.jpg]
[www.koreatimes.co.kr/www/nation/2024/11/251_385994.html]
[img.koreatimes.co.kr/upload/thumbnailV2/a16585edb805484ebe97018b8f2a21b3.png]
[newsimg.koreatimes.co.kr/2024/11/10/8effade5-9086-4ae3-a97f-b9d5dfb5c248.jpg]
[www.koreatimes.co.kr/www/nation/2024/11/356_386019.html]
[www.koreatimes.co.kr/www/nation/2024/11/schema.org/index.html]
[img.koreatimes.co.kr/upload/thumbnailV2/bffee3445b5048e592d172dd73f2b335.png]
[newsimg.koreatimes.co.kr/2024/11/06/dd42782c-abe5-47f0-b568-78948b1ddea7.jpg]
[www.koreatimes.co.kr/www/nation/2024/11/103_385804.html]
[img.koreatimes.co.kr/upload/thumbnailV2/c93e80af6b6645118ce85852a2b76e31.png]
[www.koreatimes.co.kr/upload/reporters_img/Kang_Hyun-kyung202c.png]
[newsimg.koreatimes.co.kr/2024/11/05/50838762-7491-4f8d-9b7e-f3de1afd480a.jpg]
[newsimg.koreatimes.co.kr/2024/11/05/a34ab85e-502c-49d0-82d9-16278faa9cfb.jpg]
[newsimg.koreatimes.co.kr/2024/11/05/d89e788d-10d8-43bb-b087-3a5178682557.jpg]
[www.koreatimes.co.kr/www/nation/2024/11/103_385749.html]
[newsimg.koreatimes.co.kr/2024/11/05/1c09ec89-5643-4f4a-bcb3-7be072f1ff27.jpg]
[img.koreatimes.co.kr/upload/thumbnailV2/f05a6c65b290449e98c88f8448da99a2.png]
[newsimg.koreatimes.co.kr/2024/11/10/42906c32-f44a-4bba-92a6-775671f950a4.jpg]
[www.koreatimes.co.kr/www/nation/2024/11/103_386015.html]
[img.koreatimes.co.kr/upload/thumbnailV2/fa816cd5518b405685446a8cfce6d083.jpg]
[newsimg.koreatimes.co.kr/2024/11/09/938b454e-7c45-4b9b-80f9-610681683401.jpg]
[www.koreatimes.co.kr/www/nation/2024/11/103_385972.html]
[d5nxst8fruw4z.cloudfront.net/atrk6b36.gif]
